"","A","B","C","D","E"
"A",0.857142857143,1.28571428571,0.857142857143,1.14285714286,1.0
"B",1.8,0.4,1.0,0.4,1.0
"C",1.2,1.0,0.6,1.2,0.6
"D",2.0,0.5,1.5,0.5,1.0
"E",1.75,1.25,0.75,1.0,0.75
